GPRR
g_p^{rr} \left(g_q^{ll} \overline{g_q^{ll}} + \frac{g_q^{ll} m^{rr} \overline{g_q^{lr}}}{m^{rl}} + \frac{g_q^{lr} \overline{g_q^{ll}} \overline{m^{rr}}}{\overline{m^{rl}}} + \frac{g_q^{lr} m^{rr} \overline{g_q^{lr}} \overline{m^{rr}}}{m^{rl} \overline{m^{rl}}} + \frac{g_q^{rl} m^{rl} \overline{g_q^{rl}} \overline{m^{rl}}}{m^{rr} \overline{m^{rr}}} + \frac{g_q^{rl} \overline{g_q^{rr}} \overline{m^{rl}}}{\overline{m^{rr}}} + \frac{g_q^{rr} m^{rl} \overline{g_q^{rl}}}{m^{rr}} + g_q^{rr} \overline{g_q^{rr}}\right)+d_{pq}^{rl} \left(- \frac{g_q^{ll}}{m^{rl}} - \frac{g_q^{lr} \overline{m^{rr}}}{m^{rl} \overline{m^{rl}}}\right)+d_{pq}^{rr} \left(- \frac{g_q^{rl} \overline{m^{rl}}}{m^{rr} \overline{m^{rr}}} - \frac{g_q^{rr}}{m^{rr}}\right)+g_p^{rl} \left(\frac{g_q^{ll} m^{ll} \overline{g_q^{ll}}}{m^{rl}} + \frac{g_q^{ll} m^{lr} \overline{g_q^{lr}}}{m^{rl}} + \frac{g_q^{lr} m^{ll} \overline{g_q^{ll}} \overline{m^{rr}}}{m^{rl} \overline{m^{rl}}} + \frac{g_q^{lr} m^{lr} \overline{g_q^{lr}} \overline{m^{rr}}}{m^{rl} \overline{m^{rl}}} + \frac{g_q^{rl} m^{ll} \overline{g_q^{rl}} \overline{m^{rl}}}{m^{rr} \overline{m^{rr}}} + \frac{g_q^{rl} m^{lr} \overline{g_q^{rr}} \overline{m^{rl}}}{m^{rr} \overline{m^{rr}}} + \frac{g_q^{rr} m^{ll} \overline{g_q^{rl}}}{m^{rr}} + \frac{g_q^{rr} m^{lr} \overline{g_q^{rr}}}{m^{rr}}\right)
GPRL
g_p^{rr} \left(\frac{g_q^{ll} \overline{g_q^{ll}} \overline{m^{ll}}}{\overline{m^{rl}}} + \frac{g_q^{ll} m^{rr} \overline{g_q^{lr}} \overline{m^{ll}}}{m^{rl} \overline{m^{rl}}} + \frac{g_q^{lr} \overline{g_q^{ll}} \overline{m^{lr}}}{\overline{m^{rl}}} + \frac{g_q^{lr} m^{rr} \overline{g_q^{lr}} \overline{m^{lr}}}{m^{rl} \overline{m^{rl}}} + \frac{g_q^{rl} m^{rl} \overline{g_q^{rl}} \overline{m^{ll}}}{m^{rr} \overline{m^{rr}}} + \frac{g_q^{rl} \overline{g_q^{rr}} \overline{m^{ll}}}{\overline{m^{rr}}} + \frac{g_q^{rr} m^{rl} \overline{g_q^{rl}} \overline{m^{lr}}}{m^{rr} \overline{m^{rr}}} + \frac{g_q^{rr} \overline{g_q^{rr}} \overline{m^{lr}}}{\overline{m^{rr}}}\right)+d_{pq}^{rl} \left(- \frac{g_q^{ll} \overline{m^{ll}}}{m^{rl} \overline{m^{rl}}} - \frac{g_q^{lr} \overline{m^{lr}}}{m^{rl} \overline{m^{rl}}}\right)+d_{pq}^{rr} \left(- \frac{g_q^{rl} \overline{m^{ll}}}{m^{rr} \overline{m^{rr}}} - \frac{g_q^{rr} \overline{m^{lr}}}{m^{rr} \overline{m^{rr}}}\right)+g_p^{rl} \left(\frac{g_q^{ll} m^{ll} \overline{g_q^{ll}} \overline{m^{ll}}}{m^{rl} \overline{m^{rl}}} + \frac{g_q^{ll} m^{lr} \overline{g_q^{lr}} \overline{m^{ll}}}{m^{rl} \overline{m^{rl}}} + \frac{g_q^{lr} m^{ll} \overline{g_q^{ll}} \overline{m^{lr}}}{m^{rl} \overline{m^{rl}}} + \frac{g_q^{lr} m^{lr} \overline{g_q^{lr}} \overline{m^{lr}}}{m^{rl} \overline{m^{rl}}} + \frac{g_q^{rl} m^{ll} \overline{g_q^{rl}} \overline{m^{ll}}}{m^{rr} \overline{m^{rr}}} + \frac{g_q^{rl} m^{lr} \overline{g_q^{rr}} \overline{m^{ll}}}{m^{rr} \overline{m^{rr}}} + \frac{g_q^{rr} m^{ll} \overline{g_q^{rl}} \overline{m^{lr}}}{m^{rr} \overline{m^{rr}}} + \frac{g_q^{rr} m^{lr} \overline{g_q^{rr}} \overline{m^{lr}}}{m^{rr} \overline{m^{rr}}}\right)
GPLR
g_p^{ll} \left(\frac{g_q^{ll} \overline{g_q^{ll}} \overline{m^{rl}}}{\overline{m^{ll}}} + \frac{g_q^{ll} m^{lr} \overline{g_q^{lr}} \overline{m^{rl}}}{m^{ll} \overline{m^{ll}}} + \frac{g_q^{lr} \overline{g_q^{ll}} \overline{m^{rr}}}{\overline{m^{ll}}} + \frac{g_q^{lr} m^{lr} \overline{g_q^{lr}} \overline{m^{rr}}}{m^{ll} \overline{m^{ll}}} + \frac{g_q^{rl} m^{ll} \overline{g_q^{rl}} \overline{m^{rl}}}{m^{lr} \overline{m^{lr}}} + \frac{g_q^{rl} \overline{g_q^{rr}} \overline{m^{rl}}}{\overline{m^{lr}}} + \frac{g_q^{rr} m^{ll} \overline{g_q^{rl}} \overline{m^{rr}}}{m^{lr} \overline{m^{lr}}} + \frac{g_q^{rr} \overline{g_q^{rr}} \overline{m^{rr}}}{\overline{m^{lr}}}\right)+d_{pq}^{ll} \left(- \frac{g_q^{ll} \overline{m^{rl}}}{m^{ll} \overline{m^{ll}}} - \frac{g_q^{lr} \overline{m^{rr}}}{m^{ll} \overline{m^{ll}}}\right)+d_{pq}^{lr} \left(- \frac{g_q^{rl} \overline{m^{rl}}}{m^{lr} \overline{m^{lr}}} - \frac{g_q^{rr} \overline{m^{rr}}}{m^{lr} \overline{m^{lr}}}\right)+g_p^{lr} \left(\frac{g_q^{ll} m^{rl} \overline{g_q^{ll}} \overline{m^{rl}}}{m^{ll} \overline{m^{ll}}} + \frac{g_q^{ll} m^{rr} \overline{g_q^{lr}} \overline{m^{rl}}}{m^{ll} \overline{m^{ll}}} + \frac{g_q^{lr} m^{rl} \overline{g_q^{ll}} \overline{m^{rr}}}{m^{ll} \overline{m^{ll}}} + \frac{g_q^{lr} m^{rr} \overline{g_q^{lr}} \overline{m^{rr}}}{m^{ll} \overline{m^{ll}}} + \frac{g_q^{rl} m^{rl} \overline{g_q^{rl}} \overline{m^{rl}}}{m^{lr} \overline{m^{lr}}} + \frac{g_q^{rl} m^{rr} \overline{g_q^{rr}} \overline{m^{rl}}}{m^{lr} \overline{m^{lr}}} + \frac{g_q^{rr} m^{rl} \overline{g_q^{rl}} \overline{m^{rr}}}{m^{lr} \overline{m^{lr}}} + \frac{g_q^{rr} m^{rr} \overline{g_q^{rr}} \overline{m^{rr}}}{m^{lr} \overline{m^{lr}}}\right)
GPLL
g_p^{ll} \left(g_q^{ll} \overline{g_q^{ll}} + \frac{g_q^{ll} m^{lr} \overline{g_q^{lr}}}{m^{ll}} + \frac{g_q^{lr} \overline{g_q^{ll}} \overline{m^{lr}}}{\overline{m^{ll}}} + \frac{g_q^{lr} m^{lr} \overline{g_q^{lr}} \overline{m^{lr}}}{m^{ll} \overline{m^{ll}}} + \frac{g_q^{rl} m^{ll} \overline{g_q^{rl}} \overline{m^{ll}}}{m^{lr} \overline{m^{lr}}} + \frac{g_q^{rl} \overline{g_q^{rr}} \overline{m^{ll}}}{\overline{m^{lr}}} + \frac{g_q^{rr} m^{ll} \overline{g_q^{rl}}}{m^{lr}} + g_q^{rr} \overline{g_q^{rr}}\right)+d_{pq}^{ll} \left(- \frac{g_q^{ll}}{m^{ll}} - \frac{g_q^{lr} \overline{m^{lr}}}{m^{ll} \overline{m^{ll}}}\right)+d_{pq}^{lr} \left(- \frac{g_q^{rl} \overline{m^{ll}}}{m^{lr} \overline{m^{lr}}} - \frac{g_q^{rr}}{m^{lr}}\right)+g_p^{lr} \left(\frac{g_q^{ll} m^{rl} \overline{g_q^{ll}}}{m^{ll}} + \frac{g_q^{ll} m^{rr} \overline{g_q^{lr}}}{m^{ll}} + \frac{g_q^{lr} m^{rl} \overline{g_q^{ll}} \overline{m^{lr}}}{m^{ll} \overline{m^{ll}}} + \frac{g_q^{lr} m^{rr} \overline{g_q^{lr}} \overline{m^{lr}}}{m^{ll} \overline{m^{ll}}} + \frac{g_q^{rl} m^{rl} \overline{g_q^{rl}} \overline{m^{ll}}}{m^{lr} \overline{m^{lr}}} + \frac{g_q^{rl} m^{rr} \overline{g_q^{rr}} \overline{m^{ll}}}{m^{lr} \overline{m^{lr}}} + \frac{g_q^{rr} m^{rl} \overline{g_q^{rl}}}{m^{lr}} + \frac{g_q^{rr} m^{rr} \overline{g_q^{rr}}}{m^{lr}}\right)
GQRR
g_q^{rr} \left(g_p^{ll} \overline{g_p^{ll}} + \frac{g_p^{ll} \overline{g_p^{lr}} \overline{m^{rr}}}{\overline{m^{lr}}} + \frac{g_p^{lr} m^{rr} \overline{g_p^{ll}}}{m^{lr}} + \frac{g_p^{lr} m^{rr} \overline{g_p^{lr}} \overline{m^{rr}}}{m^{lr} \overline{m^{lr}}} + \frac{g_p^{rl} m^{lr} \overline{g_p^{rl}} \overline{m^{lr}}}{m^{rr} \overline{m^{rr}}} + \frac{g_p^{rl} m^{lr} \overline{g_p^{rr}}}{m^{rr}} + \frac{g_p^{rr} \overline{g_p^{rl}} \overline{m^{lr}}}{\overline{m^{rr}}} + g_p^{rr} \overline{g_p^{rr}}\right)+\left(- \frac{g_p^{ll}}{\overline{m^{lr}}} - \frac{g_p^{lr} m^{rr}}{m^{lr} \overline{m^{lr}}}\right) \overline{d_{pq}^{lr}}+\left(- \frac{g_p^{rl} m^{lr}}{m^{rr} \overline{m^{rr}}} - \frac{g_p^{rr}}{\overline{m^{rr}}}\right) \overline{d_{pq}^{rr}}+g_q^{rl} \left(\frac{g_p^{ll} \overline{g_p^{ll}} \overline{m^{ll}}}{\overline{m^{lr}}} + \frac{g_p^{ll} \overline{g_p^{lr}} \overline{m^{rl}}}{\overline{m^{lr}}} + \frac{g_p^{lr} m^{rr} \overline{g_p^{ll}} \overline{m^{ll}}}{m^{lr} \overline{m^{lr}}} + \frac{g_p^{lr} m^{rr} \overline{g_p^{lr}} \overline{m^{rl}}}{m^{lr} \overline{m^{lr}}} + \frac{g_p^{rl} m^{lr} \overline{g_p^{rl}} \overline{m^{ll}}}{m^{rr} \overline{m^{rr}}} + \frac{g_p^{rl} m^{lr} \overline{g_p^{rr}} \overline{m^{rl}}}{m^{rr} \overline{m^{rr}}} + \frac{g_p^{rr} \overline{g_p^{rl}} \overline{m^{ll}}}{\overline{m^{rr}}} + \frac{g_p^{rr} \overline{g_p^{rr}} \overline{m^{rl}}}{\overline{m^{rr}}}\right)
GQRL
g_q^{rr} \left(\frac{g_p^{ll} m^{ll} \overline{g_p^{ll}}}{m^{lr}} + \frac{g_p^{ll} m^{ll} \overline{g_p^{lr}} \overline{m^{rr}}}{m^{lr} \overline{m^{lr}}} + \frac{g_p^{lr} m^{rl} \overline{g_p^{ll}}}{m^{lr}} + \frac{g_p^{lr} m^{rl} \overline{g_p^{lr}} \overline{m^{rr}}}{m^{lr} \overline{m^{lr}}} + \frac{g_p^{rl} m^{ll} \overline{g_p^{rl}} \overline{m^{lr}}}{m^{rr} \overline{m^{rr}}} + \frac{g_p^{rl} m^{ll} \overline{g_p^{rr}}}{m^{rr}} + \frac{g_p^{rr} m^{rl} \overline{g_p^{rl}} \overline{m^{lr}}}{m^{rr} \overline{m^{rr}}} + \frac{g_p^{rr} m^{rl} \overline{g_p^{rr}}}{m^{rr}}\right)+\left(- \frac{g_p^{ll} m^{ll}}{m^{lr} \overline{m^{lr}}} - \frac{g_p^{lr} m^{rl}}{m^{lr} \overline{m^{lr}}}\right) \overline{d_{pq}^{lr}}+\left(- \frac{g_p^{rl} m^{ll}}{m^{rr} \overline{m^{rr}}} - \frac{g_p^{rr} m^{rl}}{m^{rr} \overline{m^{rr}}}\right) \overline{d_{pq}^{rr}}+g_q^{rl} \left(\frac{g_p^{ll} m^{ll} \overline{g_p^{ll}} \overline{m^{ll}}}{m^{lr} \overline{m^{lr}}} + \frac{g_p^{ll} m^{ll} \overline{g_p^{lr}} \overline{m^{rl}}}{m^{lr} \overline{m^{lr}}} + \frac{g_p^{lr} m^{rl} \overline{g_p^{ll}} \overline{m^{ll}}}{m^{lr} \overline{m^{lr}}} + \frac{g_p^{lr} m^{rl} \overline{g_p^{lr}} \overline{m^{rl}}}{m^{lr} \overline{m^{lr}}} + \frac{g_p^{rl} m^{ll} \overline{g_p^{rl}} \overline{m^{ll}}}{m^{rr} \overline{m^{rr}}} + \frac{g_p^{rl} m^{ll} \overline{g_p^{rr}} \overline{m^{rl}}}{m^{rr} \overline{m^{rr}}} + \frac{g_p^{rr} m^{rl} \overline{g_p^{rl}} \overline{m^{ll}}}{m^{rr} \overline{m^{rr}}} + \frac{g_p^{rr} m^{rl} \overline{g_p^{rr}} \overline{m^{rl}}}{m^{rr} \overline{m^{rr}}}\right)
GQLR
g_q^{ll} \left(\frac{g_p^{ll} m^{lr} \overline{g_p^{ll}}}{m^{ll}} + \frac{g_p^{ll} m^{lr} \overline{g_p^{lr}} \overline{m^{rl}}}{m^{ll} \overline{m^{ll}}} + \frac{g_p^{lr} m^{rr} \overline{g_p^{ll}}}{m^{ll}} + \frac{g_p^{lr} m^{rr} \overline{g_p^{lr}} \overline{m^{rl}}}{m^{ll} \overline{m^{ll}}} + \frac{g_p^{rl} m^{lr} \overline{g_p^{rl}} \overline{m^{ll}}}{m^{rl} \overline{m^{rl}}} + \frac{g_p^{rl} m^{lr} \overline{g_p^{rr}}}{m^{rl}} + \frac{g_p^{rr} m^{rr} \overline{g_p^{rl}} \overline{m^{ll}}}{m^{rl} \overline{m^{rl}}} + \frac{g_p^{rr} m^{rr} \overline{g_p^{rr}}}{m^{rl}}\right)+\left(- \frac{g_p^{ll} m^{lr}}{m^{ll} \overline{m^{ll}}} - \frac{g_p^{lr} m^{rr}}{m^{ll} \overline{m^{ll}}}\right) \overline{d_{pq}^{ll}}+\left(- \frac{g_p^{rl} m^{lr}}{m^{rl} \overline{m^{rl}}} - \frac{g_p^{rr} m^{rr}}{m^{rl} \overline{m^{rl}}}\right) \overline{d_{pq}^{rl}}+g_q^{lr} \left(\frac{g_p^{ll} m^{lr} \overline{g_p^{ll}} \overline{m^{lr}}}{m^{ll} \overline{m^{ll}}} + \frac{g_p^{ll} m^{lr} \overline{g_p^{lr}} \overline{m^{rr}}}{m^{ll} \overline{m^{ll}}} + \frac{g_p^{lr} m^{rr} \overline{g_p^{ll}} \overline{m^{lr}}}{m^{ll} \overline{m^{ll}}} + \frac{g_p^{lr} m^{rr} \overline{g_p^{lr}} \overline{m^{rr}}}{m^{ll} \overline{m^{ll}}} + \frac{g_p^{rl} m^{lr} \overline{g_p^{rl}} \overline{m^{lr}}}{m^{rl} \overline{m^{rl}}} + \frac{g_p^{rl} m^{lr} \overline{g_p^{rr}} \overline{m^{rr}}}{m^{rl} \overline{m^{rl}}} + \frac{g_p^{rr} m^{rr} \overline{g_p^{rl}} \overline{m^{lr}}}{m^{rl} \overline{m^{rl}}} + \frac{g_p^{rr} m^{rr} \overline{g_p^{rr}} \overline{m^{rr}}}{m^{rl} \overline{m^{rl}}}\right)
GQLL
g_q^{ll} \left(g_p^{ll} \overline{g_p^{ll}} + \frac{g_p^{ll} \overline{g_p^{lr}} \overline{m^{rl}}}{\overline{m^{ll}}} + \frac{g_p^{lr} m^{rl} \overline{g_p^{ll}}}{m^{ll}} + \frac{g_p^{lr} m^{rl} \overline{g_p^{lr}} \overline{m^{rl}}}{m^{ll} \overline{m^{ll}}} + \frac{g_p^{rl} m^{ll} \overline{g_p^{rl}} \overline{m^{ll}}}{m^{rl} \overline{m^{rl}}} + \frac{g_p^{rl} m^{ll} \overline{g_p^{rr}}}{m^{rl}} + \frac{g_p^{rr} \overline{g_p^{rl}} \overline{m^{ll}}}{\overline{m^{rl}}} + g_p^{rr} \overline{g_p^{rr}}\right)+\left(- \frac{g_p^{ll}}{\overline{m^{ll}}} - \frac{g_p^{lr} m^{rl}}{m^{ll} \overline{m^{ll}}}\right) \overline{d_{pq}^{ll}}+\left(- \frac{g_p^{rl} m^{ll}}{m^{rl} \overline{m^{rl}}} - \frac{g_p^{rr}}{\overline{m^{rl}}}\right) \overline{d_{pq}^{rl}}+g_q^{lr} \left(\frac{g_p^{ll} \overline{g_p^{ll}} \overline{m^{lr}}}{\overline{m^{ll}}} + \frac{g_p^{ll} \overline{g_p^{lr}} \overline{m^{rr}}}{\overline{m^{ll}}} + \frac{g_p^{lr} m^{rl} \overline{g_p^{ll}} \overline{m^{lr}}}{m^{ll} \overline{m^{ll}}} + \frac{g_p^{lr} m^{rl} \overline{g_p^{lr}} \overline{m^{rr}}}{m^{ll} \overline{m^{ll}}} + \frac{g_p^{rl} m^{ll} \overline{g_p^{rl}} \overline{m^{lr}}}{m^{rl} \overline{m^{rl}}} + \frac{g_p^{rl} m^{ll} \overline{g_p^{rr}} \overline{m^{rr}}}{m^{rl} \overline{m^{rl}}} + \frac{g_p^{rr} \overline{g_p^{rl}} \overline{m^{lr}}}{\overline{m^{rl}}} + \frac{g_p^{rr} \overline{g_p^{rr}} \overline{m^{rr}}}{\overline{m^{rl}}}\right)
-----MODELFORWARDPASS----
RR
gprl*mll*conj(gqrl) + gprl*mlr*conj(gqrr) + gprr*mrl*conj(gqrl) + gprr*mrr*conj(gqrr)
RL
gprl*mll*conj(gqll) + gprl*mlr*conj(gqlr) + gprr*mrl*conj(gqll) + gprr*mrr*conj(gqlr)
LR
gpll*mll*conj(gqrl) + gpll*mlr*conj(gqrr) + gplr*mrl*conj(gqrl) + gplr*mrr*conj(gqrr)
LL
gpll*mll*conj(gqll) + gpll*mlr*conj(gqlr) + gplr*mrl*conj(gqll) + gplr*mrr*conj(gqlr)
-----MODELFORWARDPASS----
-------------------------
const complex_type Dgprr_coeff_gprr = gqll*conj(gqll) + gqll*mrr*conj(gqlr)/mrl + gqlr*conj(gqll)*conj(mrr)/conj(mrl) + gqlr*mrr*conj(gqlr)*conj(mrr)/(mrl*conj(mrl)) + gqrl*mrl*conj(gqrl)*conj(mrl)/(mrr*conj(mrr)) + gqrl*conj(gqrr)*conj(mrl)/conj(mrr) + gqrr*mrl*conj(gqrl)/mrr + gqrr*conj(gqrr) ; 
const complex_type Dgprl_coeff_gprr = gqll*conj(gqll)*conj(mll)/conj(mrl) + gqll*mrr*conj(gqlr)*conj(mll)/(mrl*conj(mrl)) + gqlr*conj(gqll)*conj(mlr)/conj(mrl) + gqlr*mrr*conj(gqlr)*conj(mlr)/(mrl*conj(mrl)) + gqrl*mrl*conj(gqrl)*conj(mll)/(mrr*conj(mrr)) + gqrl*conj(gqrr)*conj(mll)/conj(mrr) + gqrr*mrl*conj(gqrl)*conj(mlr)/(mrr*conj(mrr)) + gqrr*conj(gqrr)*conj(mlr)/conj(mrr) ; 
-------------------------
const complex_type Dgprr_coeff_dpqrl = -gqll/mrl - gqlr*conj(mrr)/(mrl*conj(mrl)) ; 
const complex_type Dgprl_coeff_dpqrl = -gqll*conj(mll)/(mrl*conj(mrl)) - gqlr*conj(mlr)/(mrl*conj(mrl)) ; 
-------------------------
const complex_type Dgprr_coeff_dpqrr = -gqrl*conj(mrl)/(mrr*conj(mrr)) - gqrr/mrr ; 
const complex_type Dgprl_coeff_dpqrr = -gqrl*conj(mll)/(mrr*conj(mrr)) - gqrr*conj(mlr)/(mrr*conj(mrr)) ; 
-------------------------
const complex_type Dgprr_coeff_gprl = gqll*mll*conj(gqll)/mrl + gqll*mlr*conj(gqlr)/mrl + gqlr*mll*conj(gqll)*conj(mrr)/(mrl*conj(mrl)) + gqlr*mlr*conj(gqlr)*conj(mrr)/(mrl*conj(mrl)) + gqrl*mll*conj(gqrl)*conj(mrl)/(mrr*conj(mrr)) + gqrl*mlr*conj(gqrr)*conj(mrl)/(mrr*conj(mrr)) + gqrr*mll*conj(gqrl)/mrr + gqrr*mlr*conj(gqrr)/mrr ; 
const complex_type Dgprl_coeff_gprl = gqll*mll*conj(gqll)*conj(mll)/(mrl*conj(mrl)) + gqll*mlr*conj(gqlr)*conj(mll)/(mrl*conj(mrl)) + gqlr*mll*conj(gqll)*conj(mlr)/(mrl*conj(mrl)) + gqlr*mlr*conj(gqlr)*conj(mlr)/(mrl*conj(mrl)) + gqrl*mll*conj(gqrl)*conj(mll)/(mrr*conj(mrr)) + gqrl*mlr*conj(gqrr)*conj(mll)/(mrr*conj(mrr)) + gqrr*mll*conj(gqrl)*conj(mlr)/(mrr*conj(mrr)) + gqrr*mlr*conj(gqrr)*conj(mlr)/(mrr*conj(mrr)) ; 
-------------------------
const complex_type Dgqrr_coeff_gqrr = gpll*conj(gpll) + gpll*conj(gplr)*conj(mrr)/conj(mlr) + gplr*mrr*conj(gpll)/mlr + gplr*mrr*conj(gplr)*conj(mrr)/(mlr*conj(mlr)) + gprl*mlr*conj(gprl)*conj(mlr)/(mrr*conj(mrr)) + gprl*mlr*conj(gprr)/mrr + gprr*conj(gprl)*conj(mlr)/conj(mrr) + gprr*conj(gprr) ; 
const complex_type Dgqrl_coeff_gqrr = gpll*mll*conj(gpll)/mlr + gpll*mll*conj(gplr)*conj(mrr)/(mlr*conj(mlr)) + gplr*mrl*conj(gpll)/mlr + gplr*mrl*conj(gplr)*conj(mrr)/(mlr*conj(mlr)) + gprl*mll*conj(gprl)*conj(mlr)/(mrr*conj(mrr)) + gprl*mll*conj(gprr)/mrr + gprr*mrl*conj(gprl)*conj(mlr)/(mrr*conj(mrr)) + gprr*mrl*conj(gprr)/mrr ; 
-------------------------
const complex_type Dgqrr_coeff_dqplr = -gpll/conj(mlr) - gplr*mrr/(mlr*conj(mlr)) ; 
const complex_type Dgqrl_coeff_dqplr = -gpll*mll/(mlr*conj(mlr)) - gplr*mrl/(mlr*conj(mlr)) ; 
-------------------------
const complex_type Dgqrr_coeff_dqprr = -gprl*mlr/(mrr*conj(mrr)) - gprr/conj(mrr) ; 
const complex_type Dgqrl_coeff_dqprr = -gprl*mll/(mrr*conj(mrr)) - gprr*mrl/(mrr*conj(mrr)) ; 
-------------------------
const complex_type Dgqrr_coeff_gqrl = gpll*conj(gpll)*conj(mll)/conj(mlr) + gpll*conj(gplr)*conj(mrl)/conj(mlr) + gplr*mrr*conj(gpll)*conj(mll)/(mlr*conj(mlr)) + gplr*mrr*conj(gplr)*conj(mrl)/(mlr*conj(mlr)) + gprl*mlr*conj(gprl)*conj(mll)/(mrr*conj(mrr)) + gprl*mlr*conj(gprr)*conj(mrl)/(mrr*conj(mrr)) + gprr*conj(gprl)*conj(mll)/conj(mrr) + gprr*conj(gprr)*conj(mrl)/conj(mrr) ; 
const complex_type Dgqrl_coeff_gqrl = gpll*mll*conj(gpll)*conj(mll)/(mlr*conj(mlr)) + gpll*mll*conj(gplr)*conj(mrl)/(mlr*conj(mlr)) + gplr*mrl*conj(gpll)*conj(mll)/(mlr*conj(mlr)) + gplr*mrl*conj(gplr)*conj(mrl)/(mlr*conj(mlr)) + gprl*mll*conj(gprl)*conj(mll)/(mrr*conj(mrr)) + gprl*mll*conj(gprr)*conj(mrl)/(mrr*conj(mrr)) + gprr*mrl*conj(gprl)*conj(mll)/(mrr*conj(mrr)) + gprr*mrl*conj(gprr)*conj(mrl)/(mrr*conj(mrr)) ; 
-------------------------
const complex_type Dgplr_coeff_gpll = gqll*conj(gqll)*conj(mrl)/conj(mll) + gqll*mlr*conj(gqlr)*conj(mrl)/(mll*conj(mll)) + gqlr*conj(gqll)*conj(mrr)/conj(mll) + gqlr*mlr*conj(gqlr)*conj(mrr)/(mll*conj(mll)) + gqrl*mll*conj(gqrl)*conj(mrl)/(mlr*conj(mlr)) + gqrl*conj(gqrr)*conj(mrl)/conj(mlr) + gqrr*mll*conj(gqrl)*conj(mrr)/(mlr*conj(mlr)) + gqrr*conj(gqrr)*conj(mrr)/conj(mlr) ; 
const complex_type Dgpll_coeff_gpll = gqll*conj(gqll) + gqll*mlr*conj(gqlr)/mll + gqlr*conj(gqll)*conj(mlr)/conj(mll) + gqlr*mlr*conj(gqlr)*conj(mlr)/(mll*conj(mll)) + gqrl*mll*conj(gqrl)*conj(mll)/(mlr*conj(mlr)) + gqrl*conj(gqrr)*conj(mll)/conj(mlr) + gqrr*mll*conj(gqrl)/mlr + gqrr*conj(gqrr) ; 
-------------------------
const complex_type Dgplr_coeff_dpqll = -gqll*conj(mrl)/(mll*conj(mll)) - gqlr*conj(mrr)/(mll*conj(mll)) ; 
const complex_type Dgpll_coeff_dpqll = -gqll/mll - gqlr*conj(mlr)/(mll*conj(mll)) ; 
-------------------------
const complex_type Dgplr_coeff_dpqlr = -gqrl*conj(mrl)/(mlr*conj(mlr)) - gqrr*conj(mrr)/(mlr*conj(mlr)) ; 
const complex_type Dgpll_coeff_dpqlr = -gqrl*conj(mll)/(mlr*conj(mlr)) - gqrr/mlr ; 
-------------------------
const complex_type Dgplr_coeff_gplr = gqll*mrl*conj(gqll)*conj(mrl)/(mll*conj(mll)) + gqll*mrr*conj(gqlr)*conj(mrl)/(mll*conj(mll)) + gqlr*mrl*conj(gqll)*conj(mrr)/(mll*conj(mll)) + gqlr*mrr*conj(gqlr)*conj(mrr)/(mll*conj(mll)) + gqrl*mrl*conj(gqrl)*conj(mrl)/(mlr*conj(mlr)) + gqrl*mrr*conj(gqrr)*conj(mrl)/(mlr*conj(mlr)) + gqrr*mrl*conj(gqrl)*conj(mrr)/(mlr*conj(mlr)) + gqrr*mrr*conj(gqrr)*conj(mrr)/(mlr*conj(mlr)) ; 
const complex_type Dgpll_coeff_gplr = gqll*mrl*conj(gqll)/mll + gqll*mrr*conj(gqlr)/mll + gqlr*mrl*conj(gqll)*conj(mlr)/(mll*conj(mll)) + gqlr*mrr*conj(gqlr)*conj(mlr)/(mll*conj(mll)) + gqrl*mrl*conj(gqrl)*conj(mll)/(mlr*conj(mlr)) + gqrl*mrr*conj(gqrr)*conj(mll)/(mlr*conj(mlr)) + gqrr*mrl*conj(gqrl)/mlr + gqrr*mrr*conj(gqrr)/mlr ; 
-------------------------
const complex_type Dgqlr_coeff_gqll = gpll*mlr*conj(gpll)/mll + gpll*mlr*conj(gplr)*conj(mrl)/(mll*conj(mll)) + gplr*mrr*conj(gpll)/mll + gplr*mrr*conj(gplr)*conj(mrl)/(mll*conj(mll)) + gprl*mlr*conj(gprl)*conj(mll)/(mrl*conj(mrl)) + gprl*mlr*conj(gprr)/mrl + gprr*mrr*conj(gprl)*conj(mll)/(mrl*conj(mrl)) + gprr*mrr*conj(gprr)/mrl ; 
const complex_type Dgqll_coeff_gqll = gpll*conj(gpll) + gpll*conj(gplr)*conj(mrl)/conj(mll) + gplr*mrl*conj(gpll)/mll + gplr*mrl*conj(gplr)*conj(mrl)/(mll*conj(mll)) + gprl*mll*conj(gprl)*conj(mll)/(mrl*conj(mrl)) + gprl*mll*conj(gprr)/mrl + gprr*conj(gprl)*conj(mll)/conj(mrl) + gprr*conj(gprr) ; 
-------------------------
const complex_type Dgqlr_coeff_dqpll = -gpll*mlr/(mll*conj(mll)) - gplr*mrr/(mll*conj(mll)) ; 
const complex_type Dgqll_coeff_dqpll = -gpll/conj(mll) - gplr*mrl/(mll*conj(mll)) ; 
-------------------------
const complex_type Dgqlr_coeff_dqprl = -gprl*mlr/(mrl*conj(mrl)) - gprr*mrr/(mrl*conj(mrl)) ; 
const complex_type Dgqll_coeff_dqprl = -gprl*mll/(mrl*conj(mrl)) - gprr/conj(mrl) ; 
-------------------------
const complex_type Dgqlr_coeff_gqlr = gpll*mlr*conj(gpll)*conj(mlr)/(mll*conj(mll)) + gpll*mlr*conj(gplr)*conj(mrr)/(mll*conj(mll)) + gplr*mrr*conj(gpll)*conj(mlr)/(mll*conj(mll)) + gplr*mrr*conj(gplr)*conj(mrr)/(mll*conj(mll)) + gprl*mlr*conj(gprl)*conj(mlr)/(mrl*conj(mrl)) + gprl*mlr*conj(gprr)*conj(mrr)/(mrl*conj(mrl)) + gprr*mrr*conj(gprl)*conj(mlr)/(mrl*conj(mrl)) + gprr*mrr*conj(gprr)*conj(mrr)/(mrl*conj(mrl)) ; 
const complex_type Dgqll_coeff_gqlr = gpll*conj(gpll)*conj(mlr)/conj(mll) + gpll*conj(gplr)*conj(mrr)/conj(mll) + gplr*mrl*conj(gpll)*conj(mlr)/(mll*conj(mll)) + gplr*mrl*conj(gplr)*conj(mrr)/(mll*conj(mll)) + gprl*mll*conj(gprl)*conj(mlr)/(mrl*conj(mrl)) + gprl*mll*conj(gprr)*conj(mrr)/(mrl*conj(mrl)) + gprr*conj(gprl)*conj(mlr)/conj(mrl) + gprr*conj(gprr)*conj(mrr)/conj(mrl) ; 
