GPRR
d_{pq}^{rr} \left(- g_q^{rl} \overline{m^{rl}} - g_q^{rr} \overline{m^{rr}}\right)+d_{pq}^{rl} \left(- g_q^{ll} \overline{m^{rl}} - g_q^{lr} \overline{m^{rr}}\right)+g_p^{rr} \left(g_q^{ll} m^{rl} \overline{g_q^{ll}} \overline{m^{rl}} + g_q^{ll} m^{rr} \overline{g_q^{lr}} \overline{m^{rl}} + g_q^{lr} m^{rl} \overline{g_q^{ll}} \overline{m^{rr}} + g_q^{lr} m^{rr} \overline{g_q^{lr}} \overline{m^{rr}} + g_q^{rl} m^{rl} \overline{g_q^{rl}} \overline{m^{rl}} + g_q^{rl} m^{rr} \overline{g_q^{rr}} \overline{m^{rl}} + g_q^{rr} m^{rl} \overline{g_q^{rl}} \overline{m^{rr}} + g_q^{rr} m^{rr} \overline{g_q^{rr}} \overline{m^{rr}}\right)+g_p^{rl} \left(g_q^{ll} m^{ll} \overline{g_q^{ll}} \overline{m^{rl}} + g_q^{ll} m^{lr} \overline{g_q^{lr}} \overline{m^{rl}} + g_q^{lr} m^{ll} \overline{g_q^{ll}} \overline{m^{rr}} + g_q^{lr} m^{lr} \overline{g_q^{lr}} \overline{m^{rr}} + g_q^{rl} m^{ll} \overline{g_q^{rl}} \overline{m^{rl}} + g_q^{rl} m^{lr} \overline{g_q^{rr}} \overline{m^{rl}} + g_q^{rr} m^{ll} \overline{g_q^{rl}} \overline{m^{rr}} + g_q^{rr} m^{lr} \overline{g_q^{rr}} \overline{m^{rr}}\right)
GPRL
d_{pq}^{rr} \left(- g_q^{rl} \overline{m^{ll}} - g_q^{rr} \overline{m^{lr}}\right)+d_{pq}^{rl} \left(- g_q^{ll} \overline{m^{ll}} - g_q^{lr} \overline{m^{lr}}\right)+g_p^{rr} \left(g_q^{ll} m^{rl} \overline{g_q^{ll}} \overline{m^{ll}} + g_q^{ll} m^{rr} \overline{g_q^{lr}} \overline{m^{ll}} + g_q^{lr} m^{rl} \overline{g_q^{ll}} \overline{m^{lr}} + g_q^{lr} m^{rr} \overline{g_q^{lr}} \overline{m^{lr}} + g_q^{rl} m^{rl} \overline{g_q^{rl}} \overline{m^{ll}} + g_q^{rl} m^{rr} \overline{g_q^{rr}} \overline{m^{ll}} + g_q^{rr} m^{rl} \overline{g_q^{rl}} \overline{m^{lr}} + g_q^{rr} m^{rr} \overline{g_q^{rr}} \overline{m^{lr}}\right)+g_p^{rl} \left(g_q^{ll} m^{ll} \overline{g_q^{ll}} \overline{m^{ll}} + g_q^{ll} m^{lr} \overline{g_q^{lr}} \overline{m^{ll}} + g_q^{lr} m^{ll} \overline{g_q^{ll}} \overline{m^{lr}} + g_q^{lr} m^{lr} \overline{g_q^{lr}} \overline{m^{lr}} + g_q^{rl} m^{ll} \overline{g_q^{rl}} \overline{m^{ll}} + g_q^{rl} m^{lr} \overline{g_q^{rr}} \overline{m^{ll}} + g_q^{rr} m^{ll} \overline{g_q^{rl}} \overline{m^{lr}} + g_q^{rr} m^{lr} \overline{g_q^{rr}} \overline{m^{lr}}\right)
GPLR
d_{pq}^{lr} \left(- g_q^{rl} \overline{m^{rl}} - g_q^{rr} \overline{m^{rr}}\right)+d_{pq}^{ll} \left(- g_q^{ll} \overline{m^{rl}} - g_q^{lr} \overline{m^{rr}}\right)+g_p^{lr} \left(g_q^{ll} m^{rl} \overline{g_q^{ll}} \overline{m^{rl}} + g_q^{ll} m^{rr} \overline{g_q^{lr}} \overline{m^{rl}} + g_q^{lr} m^{rl} \overline{g_q^{ll}} \overline{m^{rr}} + g_q^{lr} m^{rr} \overline{g_q^{lr}} \overline{m^{rr}} + g_q^{rl} m^{rl} \overline{g_q^{rl}} \overline{m^{rl}} + g_q^{rl} m^{rr} \overline{g_q^{rr}} \overline{m^{rl}} + g_q^{rr} m^{rl} \overline{g_q^{rl}} \overline{m^{rr}} + g_q^{rr} m^{rr} \overline{g_q^{rr}} \overline{m^{rr}}\right)+g_p^{ll} \left(g_q^{ll} m^{ll} \overline{g_q^{ll}} \overline{m^{rl}} + g_q^{ll} m^{lr} \overline{g_q^{lr}} \overline{m^{rl}} + g_q^{lr} m^{ll} \overline{g_q^{ll}} \overline{m^{rr}} + g_q^{lr} m^{lr} \overline{g_q^{lr}} \overline{m^{rr}} + g_q^{rl} m^{ll} \overline{g_q^{rl}} \overline{m^{rl}} + g_q^{rl} m^{lr} \overline{g_q^{rr}} \overline{m^{rl}} + g_q^{rr} m^{ll} \overline{g_q^{rl}} \overline{m^{rr}} + g_q^{rr} m^{lr} \overline{g_q^{rr}} \overline{m^{rr}}\right)
GPLL
d_{pq}^{lr} \left(- g_q^{rl} \overline{m^{ll}} - g_q^{rr} \overline{m^{lr}}\right)+d_{pq}^{ll} \left(- g_q^{ll} \overline{m^{ll}} - g_q^{lr} \overline{m^{lr}}\right)+g_p^{lr} \left(g_q^{ll} m^{rl} \overline{g_q^{ll}} \overline{m^{ll}} + g_q^{ll} m^{rr} \overline{g_q^{lr}} \overline{m^{ll}} + g_q^{lr} m^{rl} \overline{g_q^{ll}} \overline{m^{lr}} + g_q^{lr} m^{rr} \overline{g_q^{lr}} \overline{m^{lr}} + g_q^{rl} m^{rl} \overline{g_q^{rl}} \overline{m^{ll}} + g_q^{rl} m^{rr} \overline{g_q^{rr}} \overline{m^{ll}} + g_q^{rr} m^{rl} \overline{g_q^{rl}} \overline{m^{lr}} + g_q^{rr} m^{rr} \overline{g_q^{rr}} \overline{m^{lr}}\right)+g_p^{ll} \left(g_q^{ll} m^{ll} \overline{g_q^{ll}} \overline{m^{ll}} + g_q^{ll} m^{lr} \overline{g_q^{lr}} \overline{m^{ll}} + g_q^{lr} m^{ll} \overline{g_q^{ll}} \overline{m^{lr}} + g_q^{lr} m^{lr} \overline{g_q^{lr}} \overline{m^{lr}} + g_q^{rl} m^{ll} \overline{g_q^{rl}} \overline{m^{ll}} + g_q^{rl} m^{lr} \overline{g_q^{rr}} \overline{m^{ll}} + g_q^{rr} m^{ll} \overline{g_q^{rl}} \overline{m^{lr}} + g_q^{rr} m^{lr} \overline{g_q^{rr}} \overline{m^{lr}}\right)
GQRR
\left(- g_p^{ll} m^{lr} - g_p^{lr} m^{rr}\right) \overline{d_{pq}^{lr}}+\left(- g_p^{rl} m^{lr} - g_p^{rr} m^{rr}\right) \overline{d_{pq}^{rr}}+g_q^{rl} \left(g_p^{ll} m^{lr} \overline{g_p^{ll}} \overline{m^{ll}} + g_p^{ll} m^{lr} \overline{g_p^{lr}} \overline{m^{rl}} + g_p^{lr} m^{rr} \overline{g_p^{ll}} \overline{m^{ll}} + g_p^{lr} m^{rr} \overline{g_p^{lr}} \overline{m^{rl}} + g_p^{rl} m^{lr} \overline{g_p^{rl}} \overline{m^{ll}} + g_p^{rl} m^{lr} \overline{g_p^{rr}} \overline{m^{rl}} + g_p^{rr} m^{rr} \overline{g_p^{rl}} \overline{m^{ll}} + g_p^{rr} m^{rr} \overline{g_p^{rr}} \overline{m^{rl}}\right)+g_q^{rr} \left(g_p^{ll} m^{lr} \overline{g_p^{ll}} \overline{m^{lr}} + g_p^{ll} m^{lr} \overline{g_p^{lr}} \overline{m^{rr}} + g_p^{lr} m^{rr} \overline{g_p^{ll}} \overline{m^{lr}} + g_p^{lr} m^{rr} \overline{g_p^{lr}} \overline{m^{rr}} + g_p^{rl} m^{lr} \overline{g_p^{rl}} \overline{m^{lr}} + g_p^{rl} m^{lr} \overline{g_p^{rr}} \overline{m^{rr}} + g_p^{rr} m^{rr} \overline{g_p^{rl}} \overline{m^{lr}} + g_p^{rr} m^{rr} \overline{g_p^{rr}} \overline{m^{rr}}\right)
GQRL
\left(- g_p^{ll} m^{ll} - g_p^{lr} m^{rl}\right) \overline{d_{pq}^{lr}}+\left(- g_p^{rl} m^{ll} - g_p^{rr} m^{rl}\right) \overline{d_{pq}^{rr}}+g_q^{rl} \left(g_p^{ll} m^{ll} \overline{g_p^{ll}} \overline{m^{ll}} + g_p^{ll} m^{ll} \overline{g_p^{lr}} \overline{m^{rl}} + g_p^{lr} m^{rl} \overline{g_p^{ll}} \overline{m^{ll}} + g_p^{lr} m^{rl} \overline{g_p^{lr}} \overline{m^{rl}} + g_p^{rl} m^{ll} \overline{g_p^{rl}} \overline{m^{ll}} + g_p^{rl} m^{ll} \overline{g_p^{rr}} \overline{m^{rl}} + g_p^{rr} m^{rl} \overline{g_p^{rl}} \overline{m^{ll}} + g_p^{rr} m^{rl} \overline{g_p^{rr}} \overline{m^{rl}}\right)+g_q^{rr} \left(g_p^{ll} m^{ll} \overline{g_p^{ll}} \overline{m^{lr}} + g_p^{ll} m^{ll} \overline{g_p^{lr}} \overline{m^{rr}} + g_p^{lr} m^{rl} \overline{g_p^{ll}} \overline{m^{lr}} + g_p^{lr} m^{rl} \overline{g_p^{lr}} \overline{m^{rr}} + g_p^{rl} m^{ll} \overline{g_p^{rl}} \overline{m^{lr}} + g_p^{rl} m^{ll} \overline{g_p^{rr}} \overline{m^{rr}} + g_p^{rr} m^{rl} \overline{g_p^{rl}} \overline{m^{lr}} + g_p^{rr} m^{rl} \overline{g_p^{rr}} \overline{m^{rr}}\right)
GQLR
\left(- g_p^{ll} m^{lr} - g_p^{lr} m^{rr}\right) \overline{d_{pq}^{ll}}+\left(- g_p^{rl} m^{lr} - g_p^{rr} m^{rr}\right) \overline{d_{pq}^{rl}}+g_q^{ll} \left(g_p^{ll} m^{lr} \overline{g_p^{ll}} \overline{m^{ll}} + g_p^{ll} m^{lr} \overline{g_p^{lr}} \overline{m^{rl}} + g_p^{lr} m^{rr} \overline{g_p^{ll}} \overline{m^{ll}} + g_p^{lr} m^{rr} \overline{g_p^{lr}} \overline{m^{rl}} + g_p^{rl} m^{lr} \overline{g_p^{rl}} \overline{m^{ll}} + g_p^{rl} m^{lr} \overline{g_p^{rr}} \overline{m^{rl}} + g_p^{rr} m^{rr} \overline{g_p^{rl}} \overline{m^{ll}} + g_p^{rr} m^{rr} \overline{g_p^{rr}} \overline{m^{rl}}\right)+g_q^{lr} \left(g_p^{ll} m^{lr} \overline{g_p^{ll}} \overline{m^{lr}} + g_p^{ll} m^{lr} \overline{g_p^{lr}} \overline{m^{rr}} + g_p^{lr} m^{rr} \overline{g_p^{ll}} \overline{m^{lr}} + g_p^{lr} m^{rr} \overline{g_p^{lr}} \overline{m^{rr}} + g_p^{rl} m^{lr} \overline{g_p^{rl}} \overline{m^{lr}} + g_p^{rl} m^{lr} \overline{g_p^{rr}} \overline{m^{rr}} + g_p^{rr} m^{rr} \overline{g_p^{rl}} \overline{m^{lr}} + g_p^{rr} m^{rr} \overline{g_p^{rr}} \overline{m^{rr}}\right)
GQLL
\left(- g_p^{ll} m^{ll} - g_p^{lr} m^{rl}\right) \overline{d_{pq}^{ll}}+\left(- g_p^{rl} m^{ll} - g_p^{rr} m^{rl}\right) \overline{d_{pq}^{rl}}+g_q^{ll} \left(g_p^{ll} m^{ll} \overline{g_p^{ll}} \overline{m^{ll}} + g_p^{ll} m^{ll} \overline{g_p^{lr}} \overline{m^{rl}} + g_p^{lr} m^{rl} \overline{g_p^{ll}} \overline{m^{ll}} + g_p^{lr} m^{rl} \overline{g_p^{lr}} \overline{m^{rl}} + g_p^{rl} m^{ll} \overline{g_p^{rl}} \overline{m^{ll}} + g_p^{rl} m^{ll} \overline{g_p^{rr}} \overline{m^{rl}} + g_p^{rr} m^{rl} \overline{g_p^{rl}} \overline{m^{ll}} + g_p^{rr} m^{rl} \overline{g_p^{rr}} \overline{m^{rl}}\right)+g_q^{lr} \left(g_p^{ll} m^{ll} \overline{g_p^{ll}} \overline{m^{lr}} + g_p^{ll} m^{ll} \overline{g_p^{lr}} \overline{m^{rr}} + g_p^{lr} m^{rl} \overline{g_p^{ll}} \overline{m^{lr}} + g_p^{lr} m^{rl} \overline{g_p^{lr}} \overline{m^{rr}} + g_p^{rl} m^{ll} \overline{g_p^{rl}} \overline{m^{lr}} + g_p^{rl} m^{ll} \overline{g_p^{rr}} \overline{m^{rr}} + g_p^{rr} m^{rl} \overline{g_p^{rl}} \overline{m^{lr}} + g_p^{rr} m^{rl} \overline{g_p^{rr}} \overline{m^{rr}}\right)
-----MODELFORWARDPASS----
RR
gprl*mll*conj(gqrl) + gprl*mlr*conj(gqrr) + gprr*mrl*conj(gqrl) + gprr*mrr*conj(gqrr)
RL
gprl*mll*conj(gqll) + gprl*mlr*conj(gqlr) + gprr*mrl*conj(gqll) + gprr*mrr*conj(gqlr)
LR
gpll*mll*conj(gqrl) + gpll*mlr*conj(gqrr) + gplr*mrl*conj(gqrl) + gplr*mrr*conj(gqrr)
LL
gpll*mll*conj(gqll) + gpll*mlr*conj(gqlr) + gplr*mrl*conj(gqll) + gplr*mrr*conj(gqlr)
-----MODELFORWARDPASS----
-------------------------
const complex_type Dgprr_coeff_dpqrr = -gqrl*conj(mrl) - gqrr*conj(mrr) ; 
const complex_type Dgprl_coeff_dpqrr = -gqrl*conj(mll) - gqrr*conj(mlr) ; 
-------------------------
const complex_type Dgprr_coeff_dpqrl = -gqll*conj(mrl) - gqlr*conj(mrr) ; 
const complex_type Dgprl_coeff_dpqrl = -gqll*conj(mll) - gqlr*conj(mlr) ; 
-------------------------
const complex_type Dgprr_coeff_gprr = gqll*mrl*conj(gqll)*conj(mrl) + gqll*mrr*conj(gqlr)*conj(mrl) + gqlr*mrl*conj(gqll)*conj(mrr) + gqlr*mrr*conj(gqlr)*conj(mrr) + gqrl*mrl*conj(gqrl)*conj(mrl) + gqrl*mrr*conj(gqrr)*conj(mrl) + gqrr*mrl*conj(gqrl)*conj(mrr) + gqrr*mrr*conj(gqrr)*conj(mrr) ; 
const complex_type Dgprl_coeff_gprr = gqll*mrl*conj(gqll)*conj(mll) + gqll*mrr*conj(gqlr)*conj(mll) + gqlr*mrl*conj(gqll)*conj(mlr) + gqlr*mrr*conj(gqlr)*conj(mlr) + gqrl*mrl*conj(gqrl)*conj(mll) + gqrl*mrr*conj(gqrr)*conj(mll) + gqrr*mrl*conj(gqrl)*conj(mlr) + gqrr*mrr*conj(gqrr)*conj(mlr) ; 
-------------------------
const complex_type Dgprr_coeff_gprl = gqll*mll*conj(gqll)*conj(mrl) + gqll*mlr*conj(gqlr)*conj(mrl) + gqlr*mll*conj(gqll)*conj(mrr) + gqlr*mlr*conj(gqlr)*conj(mrr) + gqrl*mll*conj(gqrl)*conj(mrl) + gqrl*mlr*conj(gqrr)*conj(mrl) + gqrr*mll*conj(gqrl)*conj(mrr) + gqrr*mlr*conj(gqrr)*conj(mrr) ; 
const complex_type Dgprl_coeff_gprl = gqll*mll*conj(gqll)*conj(mll) + gqll*mlr*conj(gqlr)*conj(mll) + gqlr*mll*conj(gqll)*conj(mlr) + gqlr*mlr*conj(gqlr)*conj(mlr) + gqrl*mll*conj(gqrl)*conj(mll) + gqrl*mlr*conj(gqrr)*conj(mll) + gqrr*mll*conj(gqrl)*conj(mlr) + gqrr*mlr*conj(gqrr)*conj(mlr) ; 
-------------------------
const complex_type Dgqrr_coeff_dqplr = -gpll*mlr - gplr*mrr ; 
const complex_type Dgqrl_coeff_dqplr = -gpll*mll - gplr*mrl ; 
-------------------------
const complex_type Dgqrr_coeff_dqprr = -gprl*mlr - gprr*mrr ; 
const complex_type Dgqrl_coeff_dqprr = -gprl*mll - gprr*mrl ; 
-------------------------
const complex_type Dgqrr_coeff_gqrl = gpll*mlr*conj(gpll)*conj(mll) + gpll*mlr*conj(gplr)*conj(mrl) + gplr*mrr*conj(gpll)*conj(mll) + gplr*mrr*conj(gplr)*conj(mrl) + gprl*mlr*conj(gprl)*conj(mll) + gprl*mlr*conj(gprr)*conj(mrl) + gprr*mrr*conj(gprl)*conj(mll) + gprr*mrr*conj(gprr)*conj(mrl) ; 
const complex_type Dgqrl_coeff_gqrl = gpll*mll*conj(gpll)*conj(mll) + gpll*mll*conj(gplr)*conj(mrl) + gplr*mrl*conj(gpll)*conj(mll) + gplr*mrl*conj(gplr)*conj(mrl) + gprl*mll*conj(gprl)*conj(mll) + gprl*mll*conj(gprr)*conj(mrl) + gprr*mrl*conj(gprl)*conj(mll) + gprr*mrl*conj(gprr)*conj(mrl) ; 
-------------------------
const complex_type Dgqrr_coeff_gqrr = gpll*mlr*conj(gpll)*conj(mlr) + gpll*mlr*conj(gplr)*conj(mrr) + gplr*mrr*conj(gpll)*conj(mlr) + gplr*mrr*conj(gplr)*conj(mrr) + gprl*mlr*conj(gprl)*conj(mlr) + gprl*mlr*conj(gprr)*conj(mrr) + gprr*mrr*conj(gprl)*conj(mlr) + gprr*mrr*conj(gprr)*conj(mrr) ; 
const complex_type Dgqrl_coeff_gqrr = gpll*mll*conj(gpll)*conj(mlr) + gpll*mll*conj(gplr)*conj(mrr) + gplr*mrl*conj(gpll)*conj(mlr) + gplr*mrl*conj(gplr)*conj(mrr) + gprl*mll*conj(gprl)*conj(mlr) + gprl*mll*conj(gprr)*conj(mrr) + gprr*mrl*conj(gprl)*conj(mlr) + gprr*mrl*conj(gprr)*conj(mrr) ; 
-------------------------
const complex_type Dgplr_coeff_dpqlr = -gqrl*conj(mrl) - gqrr*conj(mrr) ; 
const complex_type Dgpll_coeff_dpqlr = -gqrl*conj(mll) - gqrr*conj(mlr) ; 
-------------------------
const complex_type Dgplr_coeff_dpqll = -gqll*conj(mrl) - gqlr*conj(mrr) ; 
const complex_type Dgpll_coeff_dpqll = -gqll*conj(mll) - gqlr*conj(mlr) ; 
-------------------------
const complex_type Dgplr_coeff_gplr = gqll*mrl*conj(gqll)*conj(mrl) + gqll*mrr*conj(gqlr)*conj(mrl) + gqlr*mrl*conj(gqll)*conj(mrr) + gqlr*mrr*conj(gqlr)*conj(mrr) + gqrl*mrl*conj(gqrl)*conj(mrl) + gqrl*mrr*conj(gqrr)*conj(mrl) + gqrr*mrl*conj(gqrl)*conj(mrr) + gqrr*mrr*conj(gqrr)*conj(mrr) ; 
const complex_type Dgpll_coeff_gplr = gqll*mrl*conj(gqll)*conj(mll) + gqll*mrr*conj(gqlr)*conj(mll) + gqlr*mrl*conj(gqll)*conj(mlr) + gqlr*mrr*conj(gqlr)*conj(mlr) + gqrl*mrl*conj(gqrl)*conj(mll) + gqrl*mrr*conj(gqrr)*conj(mll) + gqrr*mrl*conj(gqrl)*conj(mlr) + gqrr*mrr*conj(gqrr)*conj(mlr) ; 
-------------------------
const complex_type Dgplr_coeff_gpll = gqll*mll*conj(gqll)*conj(mrl) + gqll*mlr*conj(gqlr)*conj(mrl) + gqlr*mll*conj(gqll)*conj(mrr) + gqlr*mlr*conj(gqlr)*conj(mrr) + gqrl*mll*conj(gqrl)*conj(mrl) + gqrl*mlr*conj(gqrr)*conj(mrl) + gqrr*mll*conj(gqrl)*conj(mrr) + gqrr*mlr*conj(gqrr)*conj(mrr) ; 
const complex_type Dgpll_coeff_gpll = gqll*mll*conj(gqll)*conj(mll) + gqll*mlr*conj(gqlr)*conj(mll) + gqlr*mll*conj(gqll)*conj(mlr) + gqlr*mlr*conj(gqlr)*conj(mlr) + gqrl*mll*conj(gqrl)*conj(mll) + gqrl*mlr*conj(gqrr)*conj(mll) + gqrr*mll*conj(gqrl)*conj(mlr) + gqrr*mlr*conj(gqrr)*conj(mlr) ; 
-------------------------
const complex_type Dgqlr_coeff_dqpll = -gpll*mlr - gplr*mrr ; 
const complex_type Dgqll_coeff_dqpll = -gpll*mll - gplr*mrl ; 
-------------------------
const complex_type Dgqlr_coeff_dqprl = -gprl*mlr - gprr*mrr ; 
const complex_type Dgqll_coeff_dqprl = -gprl*mll - gprr*mrl ; 
-------------------------
const complex_type Dgqlr_coeff_gqll = gpll*mlr*conj(gpll)*conj(mll) + gpll*mlr*conj(gplr)*conj(mrl) + gplr*mrr*conj(gpll)*conj(mll) + gplr*mrr*conj(gplr)*conj(mrl) + gprl*mlr*conj(gprl)*conj(mll) + gprl*mlr*conj(gprr)*conj(mrl) + gprr*mrr*conj(gprl)*conj(mll) + gprr*mrr*conj(gprr)*conj(mrl) ; 
const complex_type Dgqll_coeff_gqll = gpll*mll*conj(gpll)*conj(mll) + gpll*mll*conj(gplr)*conj(mrl) + gplr*mrl*conj(gpll)*conj(mll) + gplr*mrl*conj(gplr)*conj(mrl) + gprl*mll*conj(gprl)*conj(mll) + gprl*mll*conj(gprr)*conj(mrl) + gprr*mrl*conj(gprl)*conj(mll) + gprr*mrl*conj(gprr)*conj(mrl) ; 
-------------------------
const complex_type Dgqlr_coeff_gqlr = gpll*mlr*conj(gpll)*conj(mlr) + gpll*mlr*conj(gplr)*conj(mrr) + gplr*mrr*conj(gpll)*conj(mlr) + gplr*mrr*conj(gplr)*conj(mrr) + gprl*mlr*conj(gprl)*conj(mlr) + gprl*mlr*conj(gprr)*conj(mrr) + gprr*mrr*conj(gprl)*conj(mlr) + gprr*mrr*conj(gprr)*conj(mrr) ; 
const complex_type Dgqll_coeff_gqlr = gpll*mll*conj(gpll)*conj(mlr) + gpll*mll*conj(gplr)*conj(mrr) + gplr*mrl*conj(gpll)*conj(mlr) + gplr*mrl*conj(gplr)*conj(mrr) + gprl*mll*conj(gprl)*conj(mlr) + gprl*mll*conj(gprr)*conj(mrr) + gprr*mrl*conj(gprl)*conj(mlr) + gprr*mrl*conj(gprr)*conj(mrr) ; 
